

================================================================
== Vivado HLS Report for 'sobel_rgb_axis'
================================================================
* Date:           Fri Oct 24 21:31:49 2025

* Version:        2019.2 (Build 2704478 on Wed Nov 06 22:10:23 MST 2019)
* Project:        Lab3_Sobel_Filter
* Solution:       solution1
* Product family: artix7
* Target device:  xc7a35t-cpg236-1


================================================================
== Performance Estimates
================================================================
+ Timing: 
    * Summary: 
    +--------+----------+-----------+------------+
    |  Clock |  Target  | Estimated | Uncertainty|
    +--------+----------+-----------+------------+
    |ap_clk  | 10.00 ns | 10.437 ns |   1.25 ns  |
    +--------+----------+-----------+------------+

+ Latency: 
    * Summary: 
    +---------+---------+----------+----------+-----+-----+---------+
    |  Latency (cycles) |  Latency (absolute) |  Interval | Pipeline|
    |   min   |   max   |    min   |    max   | min | max |   Type  |
    +---------+---------+----------+----------+-----+-----+---------+
    |        ?|        ?|         ?|         ?|    ?|    ?|   none  |
    +---------+---------+----------+----------+-----+-----+---------+

    + Detail: 
        * Instance: 
        N/A

        * Loop: 
        +---------------------+---------+---------+----------+-----------+-----------+------+----------+
        |                     |  Latency (cycles) | Iteration|  Initiation Interval  | Trip |          |
        |      Loop Name      |   min   |   max   |  Latency |  achieved |   target  | Count| Pipelined|
        +---------------------+---------+---------+----------+-----------+-----------+------+----------+
        |- init_cols          |        ?|        ?|         1|          -|          -|     ?|    no    |
        |- row_loop_col_loop  |        ?|        ?|         7|          1|          1|     ?|    yes   |
        +---------------------+---------+---------+----------+-----------+-----------+------+----------+



================================================================
== Utilization Estimates
================================================================
* Summary: 
+-----------------+---------+-------+-------+-------+-----+
|       Name      | BRAM_18K| DSP48E|   FF  |  LUT  | URAM|
+-----------------+---------+-------+-------+-------+-----+
|DSP              |        -|      2|      -|      -|    -|
|Expression       |        -|      4|      0|    868|    -|
|FIFO             |        -|      -|      -|      -|    -|
|Instance         |        -|      -|      -|      -|    -|
|Memory           |        2|      -|      0|      0|    0|
|Multiplexer      |        -|      -|      -|    276|    -|
|Register         |        0|      -|   1216|    352|    -|
+-----------------+---------+-------+-------+-------+-----+
|Total            |        2|      6|   1216|   1496|    0|
+-----------------+---------+-------+-------+-------+-----+
|Available        |      100|     90|  41600|  20800|    0|
+-----------------+---------+-------+-------+-------+-----+
|Utilization (%)  |        2|      6|      2|      7|    0|
+-----------------+---------+-------+-------+-------+-----+

+ Detail: 
    * Instance: 
    N/A

    * DSP48E: 
    +-------------------------+----------------------+--------------+
    |         Instance        |        Module        |  Expression  |
    +-------------------------+----------------------+--------------+
    |sobel_rgb_axis_madEe_U1  |sobel_rgb_axis_madEe  | i0 + i1 * i2 |
    |sobel_rgb_axis_maeOg_U2  |sobel_rgb_axis_maeOg  | i0 + i1 * i2 |
    +-------------------------+----------------------+--------------+

    * Memory: 
    +-----------+----------------------+---------+---+----+-----+------+-----+------+-------------+
    |   Memory  |        Module        | BRAM_18K| FF| LUT| URAM| Words| Bits| Banks| W*Bits*Banks|
    +-----------+----------------------+---------+---+----+-----+------+-----+------+-------------+
    |line0_V_U  |sobel_rgb_axis_libkb  |        1|  0|   0|    0|  1024|    8|     1|         8192|
    |line1_V_U  |sobel_rgb_axis_libkb  |        1|  0|   0|    0|  1024|    8|     1|         8192|
    +-----------+----------------------+---------+---+----+-----+------+-----+------+-------------+
    |Total      |                      |        2|  0|   0|    0|  2048|   16|     2|        16384|
    +-----------+----------------------+---------+---+----+-----+------+-----+------+-------------+

    * FIFO: 
    N/A

    * Expression: 
    +----------------------------------+----------+-------+---+----+------------+------------+
    |           Variable Name          | Operation| DSP48E| FF| LUT| Bitwidth P0| Bitwidth P1|
    +----------------------------------+----------+-------+---+----+------------+------------+
    |grp_fu_907_p2                     |     *    |      0|  0|  42|           8|           8|
    |mul_ln102_fu_376_p2               |     *    |      4|  0|  21|          32|          32|
    |add_ln102_fu_365_p2               |     +    |      0|  0|  39|          32|           2|
    |add_ln301_fu_875_p2               |     +    |      0|  0|  15|           8|           8|
    |add_ln46_1_fu_410_p2              |     +    |      0|  0|  38|           1|          31|
    |add_ln46_fu_396_p2                |     +    |      0|  0|  71|          64|           1|
    |add_ln84_fu_647_p2                |     +    |      0|  0|  17|          10|          10|
    |add_ln88_1_fu_741_p2              |     +    |      0|  0|  17|          10|          10|
    |add_ln88_fu_731_p2                |     +    |      0|  0|  16|           9|           9|
    |add_ln89_fu_757_p2                |     +    |      0|  0|  17|          10|          10|
    |gx_fu_703_p2                      |     +    |      0|  0|  11|          11|          11|
    |gy_fu_767_p2                      |     +    |      0|  0|  11|          11|          11|
    |mag_fu_853_p2                     |     +    |      0|  0|  18|          11|          11|
    |x_1_fu_571_p2                     |     +    |      0|  0|  38|           1|          31|
    |x_fu_353_p2                       |     +    |      0|  0|  38|          31|           1|
    |sub_ln85_1_fu_691_p2              |     -    |      0|  0|  11|          11|          11|
    |sub_ln85_fu_685_p2                |     -    |      0|  0|  11|          11|          11|
    |sub_ln86_fu_697_p2                |     -    |      0|  0|  11|          11|          11|
    |sub_ln89_fu_751_p2                |     -    |      0|  0|  11|          11|          11|
    |sub_ln91_1_fu_827_p2              |     -    |      0|  0|  17|           1|          10|
    |sub_ln91_fu_801_p2                |     -    |      0|  0|  17|           1|          10|
    |and_ln82_fu_548_p2                |    and   |      0|  0|   2|           1|           1|
    |ap_block_pp0_stage0_01001         |    and   |      0|  0|   2|           1|           1|
    |ap_block_state3_pp0_stage0_iter0  |    and   |      0|  0|   2|           1|           1|
    |ap_block_state8_io                |    and   |      0|  0|   2|           1|           1|
    |ap_block_state9_io                |    and   |      0|  0|   2|           1|           1|
    |dout_last_V_fu_566_p2             |   icmp   |      0|  0|  18|          32|          32|
    |dout_user_V_fu_560_p2             |   icmp   |      0|  0|  18|          31|           1|
    |icmp_ln39_fu_348_p2               |   icmp   |      0|  0|  18|          32|          32|
    |icmp_ln46_fu_391_p2               |   icmp   |      0|  0|  29|          64|          64|
    |icmp_ln53_fu_386_p2               |   icmp   |      0|  0|  18|          32|          32|
    |icmp_ln82_1_fu_442_p2             |   icmp   |      0|  0|  18|          30|           1|
    |icmp_ln82_2_fu_542_p2             |   icmp   |      0|  0|  18|          30|           1|
    |icmp_ln82_fu_426_p2               |   icmp   |      0|  0|  18|          30|           1|
    |icmp_ln92_fu_869_p2               |   icmp   |      0|  0|   9|           3|           1|
    |ap_block_pp0_stage0_11001         |    or    |      0|  0|   2|           1|           1|
    |or_ln101_fu_554_p2                |    or    |      0|  0|  31|          31|          31|
    |edge_V_1_fu_889_p3                |  select  |      0|  0|   8|           1|           8|
    |edge_V_fu_881_p3                  |  select  |      0|  0|   8|           1|           2|
    |select_ln46_1_fu_611_p3           |  select  |      0|  0|   8|           1|           8|
    |select_ln46_2_fu_590_p3           |  select  |      0|  0|   8|           1|           8|
    |select_ln46_3_fu_618_p3           |  select  |      0|  0|   8|           1|           8|
    |select_ln46_4_fu_625_p3           |  select  |      0|  0|   8|           1|           8|
    |select_ln46_5_fu_402_p3           |  select  |      0|  0|  31|           1|          31|
    |select_ln46_6_fu_448_p3           |  select  |      0|  0|   2|           1|           1|
    |select_ln46_7_fu_460_p3           |  select  |      0|  0|  31|           1|          31|
    |select_ln46_8_fu_597_p3           |  select  |      0|  0|   8|           1|           8|
    |select_ln46_fu_604_p3             |  select  |      0|  0|   8|           1|           8|
    |select_ln82_1_fu_783_p3           |  select  |      0|  0|  11|           1|          11|
    |select_ln82_fu_773_p3             |  select  |      0|  0|  11|           1|          11|
    |select_ln91_1_fu_833_p3           |  select  |      0|  0|  10|           1|          10|
    |select_ln91_fu_807_p3             |  select  |      0|  0|  10|           1|          10|
    |ap_enable_pp0                     |    xor   |      0|  0|   2|           1|           2|
    |ap_enable_reg_pp0_iter1           |    xor   |      0|  0|   2|           2|           1|
    +----------------------------------+----------+-------+---+----+------------+------------+
    |Total                             |          |      4|  0| 868|         634|         618|
    +----------------------------------+----------+-------+---+----+------------+------------+

    * Multiplexer: 
    +-----------------------------------+----+-----------+-----+-----------+
    |                Name               | LUT| Input Size| Bits| Total Bits|
    +-----------------------------------+----+-----------+-----+-----------+
    |ap_NS_fsm                          |  27|          5|    1|          5|
    |ap_enable_reg_pp0_iter1            |   9|          2|    1|          2|
    |ap_enable_reg_pp0_iter6            |   9|          2|    1|          2|
    |ap_phi_mux_w0_1_V_phi_fu_313_p4    |   9|          2|    8|         16|
    |ap_phi_mux_w0_V_1_0_phi_fu_325_p4  |   9|          2|    8|         16|
    |ap_phi_mux_w1_1_V_phi_fu_289_p4    |   9|          2|    8|         16|
    |ap_phi_mux_w1_V_1_0_phi_fu_301_p4  |   9|          2|    8|         16|
    |ap_phi_mux_w2_1_V_phi_fu_265_p4    |   9|          2|    8|         16|
    |ap_phi_mux_w2_V_1_0_phi_fu_277_p4  |   9|          2|    8|         16|
    |ap_phi_mux_y_0_phi_fu_254_p4       |   9|          2|   31|         62|
    |in_axis_TDATA_blk_n                |   9|          2|    1|          2|
    |indvar_flatten_reg_239             |   9|          2|   64|        128|
    |line0_V_address0                   |  15|          3|   10|         30|
    |line0_V_d0                         |  15|          3|    8|         24|
    |line1_V_address0                   |  15|          3|   10|         30|
    |line1_V_d0                         |  15|          3|    8|         24|
    |out_axis_TDATA_blk_n               |   9|          2|    1|          2|
    |w0_1_V_reg_309                     |   9|          2|    8|         16|
    |w0_V_1_0_reg_321                   |   9|          2|    8|         16|
    |w1_1_V_reg_285                     |   9|          2|    8|         16|
    |w1_V_1_0_reg_297                   |   9|          2|    8|         16|
    |w2_1_V_reg_261                     |   9|          2|    8|         16|
    |w2_V_1_0_reg_273                   |   9|          2|    8|         16|
    |x1_0_reg_333                       |   9|          2|   31|         62|
    |x_0_reg_228                        |   9|          2|   31|         62|
    |y_0_reg_250                        |   9|          2|   31|         62|
    +-----------------------------------+----+-----------+-----+-----------+
    |Total                              | 276|         59|  325|        689|
    +-----------------------------------+----+-----------+-----+-----------+

    * Register: 
    +--------------------------------------+----+----+-----+-----------+
    |                 Name                 | FF | LUT| Bits| Const Bits|
    +--------------------------------------+----+----+-----+-----------+
    |add_ln102_reg_945                     |  32|   0|   32|          0|
    |add_ln84_reg_1093                     |  10|   0|   10|          0|
    |and_ln82_reg_1019                     |   1|   0|    1|          0|
    |ap_CS_fsm                             |   4|   0|    4|          0|
    |ap_enable_reg_pp0_iter0               |   1|   0|    1|          0|
    |ap_enable_reg_pp0_iter1               |   1|   0|    1|          0|
    |ap_enable_reg_pp0_iter2               |   1|   0|    1|          0|
    |ap_enable_reg_pp0_iter3               |   1|   0|    1|          0|
    |ap_enable_reg_pp0_iter4               |   1|   0|    1|          0|
    |ap_enable_reg_pp0_iter5               |   1|   0|    1|          0|
    |ap_enable_reg_pp0_iter6               |   1|   0|    1|          0|
    |b_V_reg_999                           |   8|   0|    8|          0|
    |dout_last_V_reg_1031                  |   1|   0|    1|          0|
    |dout_user_V_reg_1026                  |   1|   0|    1|          0|
    |gray_V_reg_1041                       |   8|   0|    8|          0|
    |gx_reg_1098                           |  11|   0|   11|          0|
    |gy_reg_1103                           |  11|   0|   11|          0|
    |icmp_ln46_reg_965                     |   1|   0|    1|          0|
    |icmp_ln53_reg_955                     |   1|   0|    1|          0|
    |indvar_flatten_reg_239                |  64|   0|   64|          0|
    |line0_V_addr_1_reg_1014               |  10|   0|   10|          0|
    |line1_V_addr_1_reg_1009               |  10|   0|   10|          0|
    |mul_ln102_reg_950                     |  64|   0|   64|          0|
    |ret_V_1_reg_1004                      |  16|   0|   16|          0|
    |select_ln46_1_reg_1070                |   8|   0|    8|          0|
    |select_ln46_2_reg_1048                |   8|   0|    8|          0|
    |select_ln46_3_reg_1075                |   8|   0|    8|          0|
    |select_ln46_4_reg_1081                |   8|   0|    8|          0|
    |select_ln46_7_reg_974                 |  31|   0|   31|          0|
    |select_ln46_8_reg_1059                |   8|   0|    8|          0|
    |select_ln46_8_reg_1059_pp0_iter3_reg  |   8|   0|    8|          0|
    |select_ln46_reg_1064                  |   8|   0|    8|          0|
    |tmp_dest_V_reg_994                    |   1|   0|    1|          0|
    |tmp_id_V_reg_989                      |   1|   0|    1|          0|
    |tmp_keep_V_reg_979                    |   3|   0|    3|          0|
    |tmp_strb_V_reg_984                    |   3|   0|    3|          0|
    |top1_V_reg_1053                       |   8|   0|    8|          0|
    |top2_V_reg_1087                       |   8|   0|    8|          0|
    |w0_1_V_reg_309                        |   8|   0|    8|          0|
    |w0_V_1_0_reg_321                      |   8|   0|    8|          0|
    |w1_1_V_reg_285                        |   8|   0|    8|          0|
    |w1_V_1_0_reg_297                      |   8|   0|    8|          0|
    |w2_1_V_reg_261                        |   8|   0|    8|          0|
    |w2_V_1_0_reg_273                      |   8|   0|    8|          0|
    |x1_0_reg_333                          |  31|   0|   31|          0|
    |x_0_reg_228                           |  31|   0|   31|          0|
    |y_0_reg_250                           |  31|   0|   31|          0|
    |and_ln82_reg_1019                     |  64|  32|    1|          0|
    |dout_last_V_reg_1031                  |  64|  32|    1|          0|
    |dout_user_V_reg_1026                  |  64|  32|    1|          0|
    |gray_V_reg_1041                       |  64|  32|    8|          0|
    |icmp_ln46_reg_965                     |  64|  32|    1|          0|
    |icmp_ln53_reg_955                     |  64|  32|    1|          0|
    |line1_V_addr_1_reg_1009               |  64|  32|   10|          0|
    |tmp_dest_V_reg_994                    |  64|  32|    1|          0|
    |tmp_id_V_reg_989                      |  64|  32|    1|          0|
    |tmp_keep_V_reg_979                    |  64|  32|    3|          0|
    |tmp_strb_V_reg_984                    |  64|  32|    3|          0|
    +--------------------------------------+----+----+-----+-----------+
    |Total                                 |1216| 352|  543|          0|
    +--------------------------------------+----+----+-----+-----------+



================================================================
== Interface
================================================================
* Summary: 
+-----------------+-----+-----+------------+-------------------+--------------+
|    RTL Ports    | Dir | Bits|  Protocol  |   Source Object   |    C Type    |
+-----------------+-----+-----+------------+-------------------+--------------+
|ap_clk           |  in |    1| ap_ctrl_hs |   sobel_rgb_axis  | return value |
|ap_rst_n         |  in |    1| ap_ctrl_hs |   sobel_rgb_axis  | return value |
|ap_start         |  in |    1| ap_ctrl_hs |   sobel_rgb_axis  | return value |
|ap_done          | out |    1| ap_ctrl_hs |   sobel_rgb_axis  | return value |
|ap_idle          | out |    1| ap_ctrl_hs |   sobel_rgb_axis  | return value |
|ap_ready         | out |    1| ap_ctrl_hs |   sobel_rgb_axis  | return value |
|in_axis_TDATA    |  in |   24|    axis    |  in_axis_V_data_V |    pointer   |
|in_axis_TVALID   |  in |    1|    axis    |  in_axis_V_dest_V |    pointer   |
|in_axis_TREADY   | out |    1|    axis    |  in_axis_V_dest_V |    pointer   |
|in_axis_TDEST    |  in |    1|    axis    |  in_axis_V_dest_V |    pointer   |
|in_axis_TKEEP    |  in |    3|    axis    |  in_axis_V_keep_V |    pointer   |
|in_axis_TSTRB    |  in |    3|    axis    |  in_axis_V_strb_V |    pointer   |
|in_axis_TUSER    |  in |    1|    axis    |  in_axis_V_user_V |    pointer   |
|in_axis_TLAST    |  in |    1|    axis    |  in_axis_V_last_V |    pointer   |
|in_axis_TID      |  in |    1|    axis    |   in_axis_V_id_V  |    pointer   |
|out_axis_TDATA   | out |   24|    axis    | out_axis_V_data_V |    pointer   |
|out_axis_TVALID  | out |    1|    axis    | out_axis_V_dest_V |    pointer   |
|out_axis_TREADY  |  in |    1|    axis    | out_axis_V_dest_V |    pointer   |
|out_axis_TDEST   | out |    1|    axis    | out_axis_V_dest_V |    pointer   |
|out_axis_TKEEP   | out |    3|    axis    | out_axis_V_keep_V |    pointer   |
|out_axis_TSTRB   | out |    3|    axis    | out_axis_V_strb_V |    pointer   |
|out_axis_TUSER   | out |    1|    axis    | out_axis_V_user_V |    pointer   |
|out_axis_TLAST   | out |    1|    axis    | out_axis_V_last_V |    pointer   |
|out_axis_TID     | out |    1|    axis    |  out_axis_V_id_V  |    pointer   |
|width            |  in |   32|   ap_none  |       width       |    scalar    |
|height           |  in |   32|   ap_none  |       height      |    scalar    |
+-----------------+-----+-----+------------+-------------------+--------------+

