#-----------------------------------------------------------
# Vivado v2019.2 (64-bit)
# SW Build 2708876 on Wed Nov  6 21:40:23 MST 2019
# IP Build 2700528 on Thu Nov  7 00:09:20 MST 2019
# Start of session at: Fri Oct 24 21:58:28 2025
# Process ID: 63912
# Current directory: C:/Users/ryan1/OneDrive/Desktop/ECE350_Workspace/ECE350Labs/Sobel_Lab_Miller_RTL/Sobel_Lab_Miller_RTL.runs/design_1_clk_wiz_0_0_synth_1
# Command line: vivado.exe -log design_1_clk_wiz_0_0.vds -product Vivado -mode batch -messageDb vivado.pb -notrace -source design_1_clk_wiz_0_0.tcl
# Log file: C:/Users/ryan1/OneDrive/Desktop/ECE350_Workspace/ECE350Labs/Sobel_Lab_Miller_RTL/Sobel_Lab_Miller_RTL.runs/design_1_clk_wiz_0_0_synth_1/design_1_clk_wiz_0_0.vds
# Journal file: C:/Users/ryan1/OneDrive/Desktop/ECE350_Workspace/ECE350Labs/Sobel_Lab_Miller_RTL/Sobel_Lab_Miller_RTL.runs/design_1_clk_wiz_0_0_synth_1\vivado.jou
#-----------------------------------------------------------
source design_1_clk_wiz_0_0.tcl -notrace
