

================================================================
== Vivado HLS Report for 'stencil2d'
================================================================
* Date:           Mon Dec  1 10:03:42 2025

* Version:        2019.2 (Build 2704478 on Wed Nov 06 22:10:23 MST 2019)
* Project:        HLS_Stencil_Final
* Solution:       solution1
* Product family: artix7
* Target device:  xc7a35t-cpg236-1


================================================================
== Performance Estimates
================================================================
+ Timing: 
    * Summary: 
    +--------+----------+----------+------------+
    |  Clock |  Target  | Estimated| Uncertainty|
    +--------+----------+----------+------------+
    |ap_clk  | 10.00 ns | 9.388 ns |   1.25 ns  |
    +--------+----------+----------+------------+

+ Latency: 
    * Summary: 
    +------------+------------+------------+------------+------------+------------+---------+
    |     Latency (cycles)    |    Latency (absolute)   |         Interval        | Pipeline|
    |     min    |     max    |     min    |     max    |     min    |     max    |   Type  |
    +------------+------------+------------+------------+------------+------------+---------+
    |  2778798842|  2780895994| 27.788 sec | 27.809 sec |  2778798842|  2780895994|   none  |
    +------------+------------+------------+------------+------------+------------+---------+

    + Detail: 
        * Instance: 
        N/A

        * Loop: 
        +-----------------+------------+------------+------------+-----------+-----------+------+----------+
        |                 |     Latency (cycles)    |  Iteration |  Initiation Interval  | Trip |          |
        |    Loop Name    |     min    |     max    |   Latency  |  achieved |   target  | Count| Pipelined|
        +-----------------+------------+------------+------------+-----------+-----------+------+----------+
        |- Loop 1         |      131584|     2228736| 514 ~ 8706 |          -|          -|   256|    no    |
        | + Loop 1.1      |         512|        8704|   2 ~ 34   |          -|          -|   256|    no    |
        |- Loop 2         |  2778667170|  2778667170|     2259079|          -|          -|  1230|    no    |
        | + Loop 2.1      |     2129536|     2129536|        8384|          -|          -|   254|    no    |
        |  ++ Loop 2.1.1  |        8382|        8382|          33|          -|          -|   254|    no    |
        | + Loop 2.2      |      129540|      129540|         510|          -|          -|   254|    no    |
        |  ++ Loop 2.2.1  |         508|         508|           2|          -|          -|   254|    no    |
        +-----------------+------------+------------+------------+-----------+-----------+------+----------+



================================================================
== Utilization Estimates
================================================================
* Summary: 
+-----------------+---------+-------+-------+-------+-----+
|       Name      | BRAM_18K| DSP48E|   FF  |  LUT  | URAM|
+-----------------+---------+-------+-------+-------+-----+
|DSP              |        -|      -|      -|      -|    -|
|Expression       |        -|      -|      0|   1375|    -|
|FIFO             |        -|      -|      -|      -|    -|
|Instance         |        -|     25|   4354|   4495|    -|
|Memory           |      256|      -|      0|      0|    0|
|Multiplexer      |        -|      -|      -|   1118|    -|
|Register         |        -|      -|   1274|      -|    -|
+-----------------+---------+-------+-------+-------+-----+
|Total            |      256|     25|   5628|   6988|    0|
+-----------------+---------+-------+-------+-------+-----+
|Available        |      100|     90|  41600|  20800|    0|
+-----------------+---------+-------+-------+-------+-----+
|Utilization (%)  |      256|     27|     13|     33|    0|
+-----------------+---------+-------+-------+-------+-----+

+ Detail: 
    * Instance: 
    +-------------------------+----------------------+---------+-------+------+------+-----+
    |         Instance        |        Module        | BRAM_18K| DSP48E|  FF  |  LUT | URAM|
    +-------------------------+----------------------+---------+-------+------+------+-----+
    |stencil2d_dadddsucud_U1  |stencil2d_dadddsucud  |        0|      3|   509|   817|    0|
    |stencil2d_ddiv_64eOg_U4  |stencil2d_ddiv_64eOg  |        0|      0|  3211|  3270|    0|
    |stencil2d_dmul_64dEe_U2  |stencil2d_dmul_64dEe  |        0|     11|   317|   204|    0|
    |stencil2d_dmul_64dEe_U3  |stencil2d_dmul_64dEe  |        0|     11|   317|   204|    0|
    +-------------------------+----------------------+---------+-------+------+------+-----+
    |Total                    |                      |        0|     25|  4354|  4495|    0|
    +-------------------------+----------------------+---------+-------+------+------+-----+

    * DSP48E: 
    N/A

    * Memory: 
    +-----------------+----------------------+---------+---+----+-----+-------+-----+------+-------------+
    |      Memory     |        Module        | BRAM_18K| FF| LUT| URAM| Words | Bits| Banks| W*Bits*Banks|
    +-----------------+----------------------+---------+---+----+-----+-------+-----+------+-------------+
    |surface_store_U  |stencil2d_surfacebkb  |      256|  0|   0|    0|  64516|   64|     1|      4129024|
    +-----------------+----------------------+---------+---+----+-----+-------+-----+------+-------------+
    |Total            |                      |      256|  0|   0|    0|  64516|   64|     1|      4129024|
    +-----------------+----------------------+---------+---+----+-----+-------+-----+------+-------------+

    * FIFO: 
    N/A

    * Expression: 
    +----------------------+----------+-------+---+-----+------------+------------+
    |     Variable Name    | Operation| DSP48E| FF| LUT | Bitwidth P0| Bitwidth P1|
    +----------------------+----------+-------+---+-----+------------+------------+
    |add_ln21_2_fu_576_p2  |     +    |      0|  0|   16|           9|           2|
    |add_ln21_3_fu_496_p2  |     +    |      0|  0|   25|          18|          18|
    |add_ln21_4_fu_506_p2  |     +    |      0|  0|   25|          18|          18|
    |add_ln21_5_fu_516_p2  |     +    |      0|  0|   25|          18|          18|
    |add_ln21_6_fu_566_p2  |     +    |      0|  0|   25|          18|          18|
    |add_ln21_7_fu_586_p2  |     +    |      0|  0|   25|          18|          18|
    |add_ln21_fu_462_p2    |     +    |      0|  0|   16|           9|           2|
    |add_ln41_2_fu_860_p2  |     +    |      0|  0|   15|           8|           2|
    |add_ln41_4_fu_883_p2  |     +    |      0|  0|   24|          17|          17|
    |add_ln41_fu_762_p2    |     +    |      0|  0|   15|           8|           2|
    |add_ln49_1_fu_940_p2  |     +    |      0|  0|   15|           8|           2|
    |add_ln49_2_fu_950_p2  |     +    |      0|  0|   24|          17|          17|
    |add_ln49_fu_898_p2    |     +    |      0|  0|   15|           8|           2|
    |add_ln502_fu_638_p2   |     +    |      0|  0|   19|          11|          12|
    |step_num_fu_744_p2    |     +    |      0|  0|   38|          31|           1|
    |x_1_fu_828_p2         |     +    |      0|  0|   15|           8|           1|
    |x_2_fu_979_p2         |     +    |      0|  0|   15|           8|           1|
    |x_fu_486_p2           |     +    |      0|  0|   16|           9|           1|
    |y_1_fu_756_p2         |     +    |      0|  0|   15|           8|           1|
    |y_2_fu_960_p2         |     +    |      0|  0|   15|           8|           1|
    |y_fu_432_p2           |     +    |      0|  0|   16|           9|           1|
    |result_V_1_fu_724_p2  |     -    |      0|  0|   39|           1|          32|
    |sub_ln1311_fu_652_p2  |     -    |      0|  0|   18|          10|          11|
    |sub_ln41_fu_792_p2    |     -    |      0|  0|   24|          17|          17|
    |sub_ln49_fu_928_p2    |     -    |      0|  0|   24|          17|          17|
    |empty_10_fu_551_p2    |   icmp   |      0|  0|   13|           9|           1|
    |empty_7_fu_533_p2     |   icmp   |      0|  0|   13|           9|           1|
    |empty_9_fu_545_p2     |   icmp   |      0|  0|   13|           9|           8|
    |empty_fu_527_p2       |   icmp   |      0|  0|   13|           9|           8|
    |icmp_ln15_fu_426_p2   |   icmp   |      0|  0|   13|           9|          10|
    |icmp_ln16_fu_480_p2   |   icmp   |      0|  0|   13|           9|          10|
    |icmp_ln31_fu_739_p2   |   icmp   |      0|  0|   18|          32|          32|
    |icmp_ln38_fu_750_p2   |   icmp   |      0|  0|   11|           8|           2|
    |icmp_ln39_fu_798_p2   |   icmp   |      0|  0|   11|           8|           2|
    |icmp_ln46_fu_892_p2   |   icmp   |      0|  0|   11|           8|           2|
    |icmp_ln47_fu_934_p2   |   icmp   |      0|  0|   11|           8|           2|
    |r_V_fu_682_p2         |   lshr   |      0|  0|  162|          54|          54|
    |empty_11_fu_557_p2    |    or    |      0|  0|    2|           1|           1|
    |empty_8_fu_539_p2     |    or    |      0|  0|    2|           1|           1|
    |p_Val2_5_fu_716_p3    |  select  |      0|  0|   32|           1|          32|
    |p_Val2_6_fu_729_p3    |  select  |      0|  0|   32|           1|          32|
    |ush_fu_662_p3         |  select  |      0|  0|   12|           1|          12|
    |r_V_1_fu_688_p2       |    shl   |      0|  0|  474|         137|         137|
    +----------------------+----------+-------+---+-----+------------+------------+
    |Total                 |          |      0|  0| 1375|         625|         579|
    +----------------------+----------+-------+---+-----+------------+------------+

    * Multiplexer: 
    +-------------------------+-----+-----------+-----+-----------+
    |           Name          | LUT | Input Size| Bits| Total Bits|
    +-------------------------+-----+-----------+-----+-----------+
    |ap_NS_fsm                |  709|        161|    1|        161|
    |grp_fu_361_opcode        |   15|          3|    2|          6|
    |grp_fu_361_p0            |   41|          8|   64|        512|
    |grp_fu_361_p1            |   41|          8|   64|        512|
    |grp_fu_366_p0            |   21|          4|   64|        256|
    |grp_fu_366_p1            |   27|          5|   64|        320|
    |grp_fu_372_p0            |   15|          3|   64|        192|
    |grp_fu_372_p1            |   15|          3|   64|        192|
    |grp_fu_379_p0            |   15|          3|   64|        192|
    |grp_fu_379_p1            |   15|          3|   64|        192|
    |output_surface_address0  |   27|          5|   16|         80|
    |output_surface_address1  |   21|          4|   16|         64|
    |output_surface_d0        |   15|          3|   64|        192|
    |reg_396                  |    9|          2|   64|        128|
    |reg_413                  |    9|          2|   64|        128|
    |step_num_0_reg_302       |    9|          2|   31|         62|
    |storemerge_reg_290       |    9|          2|   64|        128|
    |surface_address0         |   21|          4|   16|         64|
    |surface_address1         |   15|          3|   16|         48|
    |surface_store_address0   |   15|          3|   16|         48|
    |x2_0_reg_325             |    9|          2|    8|         16|
    |x4_0_reg_349             |    9|          2|    8|         16|
    |x_0_reg_278              |    9|          2|    9|         18|
    |y1_0_reg_313             |    9|          2|    8|         16|
    |y3_0_reg_337             |    9|          2|    8|         16|
    |y_0_reg_266              |    9|          2|    9|         18|
    +-------------------------+-----+-----------+-----+-----------+
    |Total                    | 1118|        243|  932|       3577|
    +-------------------------+-----+-----------+-----+-----------+

    * Register: 
    +------------------------------+-----+----+-----+-----------+
    |             Name             |  FF | LUT| Bits| Const Bits|
    +------------------------------+-----+----+-----+-----------+
    |add_ln21_7_reg_1089           |   18|   0|   18|          0|
    |add_ln41_4_reg_1180           |   17|   0|   17|          0|
    |add_ln41_reg_1137             |    8|   0|    8|          0|
    |ap_CS_fsm                     |  160|   0|  160|          0|
    |output_surface_addr_reg_1068  |   16|   0|   16|          0|
    |p_Result_s_reg_1104           |    1|   0|    1|          0|
    |p_Val2_5_reg_1109             |   32|   0|   32|          0|
    |p_Val2_6_reg_1115             |   32|   0|   32|          0|
    |r_reg_1003                    |   64|   0|   64|          0|
    |reg_383                       |   64|   0|   64|          0|
    |reg_390                       |   64|   0|   64|          0|
    |reg_396                       |   64|   0|   64|          0|
    |reg_404                       |   64|   0|   64|          0|
    |reg_413                       |   64|   0|   64|          0|
    |reg_420                       |   64|   0|   64|          0|
    |sext_ln16_reg_1039            |   10|   0|   18|          8|
    |step_num_0_reg_302            |   31|   0|   31|          0|
    |step_num_reg_1123             |   31|   0|   31|          0|
    |storemerge_reg_290            |   64|   0|   64|          0|
    |sub_ln41_reg_1142             |   16|   0|   17|          1|
    |sub_ln49_reg_1193             |   16|   0|   17|          1|
    |surface_addr_4_reg_1063       |   16|   0|   16|          0|
    |surface_load_1_reg_1079       |   64|   0|   64|          0|
    |tmp_14_reg_1185               |   64|   0|   64|          0|
    |tmp_3_reg_1013                |   64|   0|   64|          0|
    |x2_0_reg_325                  |    8|   0|    8|          0|
    |x4_0_reg_349                  |    8|   0|    8|          0|
    |x_0_reg_278                   |    9|   0|    9|          0|
    |x_1_reg_1160                  |    8|   0|    8|          0|
    |x_assign_reg_1099             |   64|   0|   64|          0|
    |x_reg_1047                    |    9|   0|    9|          0|
    |y1_0_reg_313                  |    8|   0|    8|          0|
    |y3_0_reg_337                  |    8|   0|    8|          0|
    |y_0_reg_266                   |    9|   0|    9|          0|
    |y_1_reg_1131                  |    8|   0|    8|          0|
    |y_reg_1022                    |    9|   0|    9|          0|
    |zext_ln15_reg_1027            |    9|   0|   18|          9|
    |zext_ln21_reg_1034            |    9|   0|   18|          9|
    +------------------------------+-----+----+-----+-----------+
    |Total                         | 1274|   0| 1302|         28|
    +------------------------------+-----+----+-----+-----------+



================================================================
== Interface
================================================================
* Summary: 
+-------------------------+-----+-----+------------+----------------+--------------+
|        RTL Ports        | Dir | Bits|  Protocol  |  Source Object |    C Type    |
+-------------------------+-----+-----+------------+----------------+--------------+
|ap_clk                   |  in |    1| ap_ctrl_hs |    stencil2d   | return value |
|ap_rst                   |  in |    1| ap_ctrl_hs |    stencil2d   | return value |
|ap_start                 |  in |    1| ap_ctrl_hs |    stencil2d   | return value |
|ap_done                  | out |    1| ap_ctrl_hs |    stencil2d   | return value |
|ap_idle                  | out |    1| ap_ctrl_hs |    stencil2d   | return value |
|ap_ready                 | out |    1| ap_ctrl_hs |    stencil2d   | return value |
|surface_address0         | out |   16|  ap_memory |     surface    |     array    |
|surface_ce0              | out |    1|  ap_memory |     surface    |     array    |
|surface_q0               |  in |   64|  ap_memory |     surface    |     array    |
|surface_address1         | out |   16|  ap_memory |     surface    |     array    |
|surface_ce1              | out |    1|  ap_memory |     surface    |     array    |
|surface_q1               |  in |   64|  ap_memory |     surface    |     array    |
|output_surface_address0  | out |   16|  ap_memory | output_surface |     array    |
|output_surface_ce0       | out |    1|  ap_memory | output_surface |     array    |
|output_surface_we0       | out |    1|  ap_memory | output_surface |     array    |
|output_surface_d0        | out |   64|  ap_memory | output_surface |     array    |
|output_surface_q0        |  in |   64|  ap_memory | output_surface |     array    |
|output_surface_address1  | out |   16|  ap_memory | output_surface |     array    |
|output_surface_ce1       | out |    1|  ap_memory | output_surface |     array    |
|output_surface_q1        |  in |   64|  ap_memory | output_surface |     array    |
|target_time_s            |  in |   64|   ap_none  |  target_time_s |    scalar    |
|dt                       |  in |   64|   ap_none  |       dt       |    scalar    |
|dx                       |  in |   64|   ap_none  |       dx       |    scalar    |
|diffusivity              |  in |   64|   ap_none  |   diffusivity  |    scalar    |
+-------------------------+-----+-----+------------+----------------+--------------+

